C:\abc\SmartCareerNavigator\src\main\java\com\smartcareer\utils\JwtUtil.java
C:\abc\SmartCareerNavigator\src\main\java\com\smartcareer\config\AppConfig.java
C:\abc\SmartCareerNavigator\src\main\java\com\smartcareer\repository\UserRepository.java
C:\abc\SmartCareerNavigator\src\main\java\com\smartcareer\dto\AuthResponse.java
C:\abc\SmartCareerNavigator\src\main\java\com\smartcareer\security\JwtAuthenticationFilter.java
C:\abc\SmartCareerNavigator\src\main\java\com\smartcareer\controller\AuthController.java
C:\abc\SmartCareerNavigator\src\main\java\com\smartcareer\SmartCareerNavigatorApplication.java
C:\abc\SmartCareerNavigator\src\main\java\com\smartcareer\service\UserService.java
C:\abc\SmartCareerNavigator\src\main\java\com\smartcareer\api\GenerateQuestionsController.java
C:\abc\SmartCareerNavigator\src\main\java\com\smartcareer\controller\ChatController.java
C:\abc\SmartCareerNavigator\src\main\java\com\smartcareer\controller\HelloController.java
C:\abc\SmartCareerNavigator\src\main\java\com\smartcareer\controller\UserController.java
C:\abc\SmartCareerNavigator\src\main\java\com\smartcareer\config\SecurityConfig.java
C:\abc\SmartCareerNavigator\src\main\java\com\smartcareer\model\User.java
C:\abc\SmartCareerNavigator\src\main\java\com\smartcareer\security\JwtFilter.java
